============================================================
馃寣 閲嶅姏鍦哄娍鑳藉彲瑙嗗寲 - 缁煎悎娴嬭瘯濂椾欢
============================================================

馃摑 娴嬭瘯1: 鍗曚釜澶╀綋鐨勫紩鍔涘娍璁＄畻姝ｇ‘鎬?   鉁?澶╀綋姝ｄ笅鏂?00鍍忕礌: 鍔胯兘 = -5000.00
   鉁?澶╀綋鍙充晶100鍍忕礌: 鍔胯兘 = -5000.00
   鉁?澶╀綋涓績: 鍔胯兘 = -16666.67

馃摑 娴嬭瘯2: 澶氬ぉ浣撳紩鍔涘娍鐨勫彔鍔犳纭€?   鉁?涓ゅぉ浣撲腑闂寸偣:
      澶╀綋1璐＄尞: -5000.00, 澶╀綋2璐＄尞: -3000.00
      鍙犲姞缁撴灉: -8000.00
   鉁?绗竴涓ぉ浣撳乏渚?
      澶╀綋1璐＄尞: -5000.00, 澶╀綋2璐＄尞: -1000.00
      鍙犲姞缁撴灉: -6000.00
   鉁?绗簩涓ぉ浣撳彸渚?
      澶╀綋1璐＄尞: -1666.67, 澶╀綋2璐＄尞: -3000.00
      鍙犲姞缁撴灉: -4666.67
   鉁?涓ゅぉ浣撲腑鍨傜嚎涓?
      澶╀綋1璐＄尞: -3535.53, 澶╀綋2璐＄尞: -2121.32
      鍙犲姞缁撴灉: -5656.85

馃摑 娴嬭瘯3: 绛夊娍绾块噸缁樻€ц兘娴嬭瘯
   鉁?10娆￠噸缁樺钩鍧囪€楁椂: 0.80ms
      鍗曟璁＄畻鐐规暟: 7500
      FPS涓婇檺: 1250.0 FPS

馃摑 娴嬭瘯4: 绮掑瓙闈犺繎澶ц川閲忓ぉ浣撴椂鐨勫姞閫熷害鍙樺寲
   璺濈 200px: 鍔犻€熷害澶у皬 = 25.00
   璺濈 100px: 鍔犻€熷害澶у皬 = 100.00
   璺濈 50px: 鍔犻€熷害澶у皬 = 400.00
   璺濈 35px: 鍔犻€熷害澶у皬 = 816.33
   璺濈 31px: 鍔犻€熷害澶у皬 = 1040.58
   璺濈鍑忓崐鏃讹紝鍔犻€熷害澧為暱姣斾緥: 4.00x (棰勬湡骞虫柟鍙嶆瘮鍏崇郴)
   璺濈鍑忓崐鏃讹紝鍔犻€熷害澧為暱姣斾緥: 4.00x (棰勬湡骞虫柟鍙嶆瘮鍏崇郴)
   璺濈鍑忓崐鏃讹紝鍔犻€熷害澧為暱姣斾緥: 2.04x (棰勬湡骞虫柟鍙嶆瘮鍏崇郴)
   璺濈鍑忓崐鏃讹紝鍔犻€熷害澧為暱姣斾緥: 1.27x (棰勬湡骞虫柟鍙嶆瘮鍏崇郴)
   鉁?澶╀綋杈圭晫(r=30)鍐呭姞閫熷害: 0.00
   鉁?澶╀綋杈圭晫澶?px鍔犻€熷害: 1040.58
鉂?娴嬭瘯4澶辫触: 澶╀綋鍐呴儴鍔犻€熷害涓嶄负闆?馃摑 娴嬭瘯5: 鍚庣瀛樺偍搴忓垪鍖栦笌鍙嶅簭鍒楀寲涓€鑷存€?   鉁?閰嶇疆搴忓垪鍖栨垚鍔?   鉁?閰嶇疆鍙嶅簭鍒楀寲鎴愬姛
   鉁?鎵€鏈夊瓧娈靛簭鍒楀寲涓庡弽搴忓垪鍖栦竴鑷?   鉁?鏂囦欢绯荤粺璇诲啓涓€鑷存€ч獙璇侀€氳繃

馃摑 娴嬭瘯6: 寮曞姏鏂瑰悜姝ｇ‘鎬ч獙璇?   鉁?澶╀綋鍙充晶绮掑瓙: fx=-50.00, fy=0.00
   鉁?澶╀綋宸︿晶绮掑瓙: fx=50.00, fy=0.00
   鉁?澶╀綋涓嬫柟绮掑瓙: fx=0.00, fy=-50.00
   鉁?澶╀綋涓婃柟绮掑瓙: fx=0.00, fy=50.00


============================================================
馃搳 娴嬭瘯缁撴灉: 閫氳繃 5 / 6
鉂?1 涓祴璇曞け璐?============================================================
